// Jest Snapshot v1, https://goo.gl/fbAQLP

exports[`AiSearchRankingService keeps ranking changes intentional with a fixed snapshot 1`] = `
[
  {
    "id": "popular",
    "reasons": [
      "42g protein",
      "Under 70000 VND",
      "4.6 rating",
      "1.0 km away",
    ],
    "score": 68,
  },
  {
    "id": "closer",
    "reasons": [
      "42g protein",
      "Under 70000 VND",
      "4.6 rating",
      "0.2 km away",
    ],
    "score": 62,
  },
  {
    "id": "old",
    "reasons": [
      "42g protein",
      "Under 70000 VND",
      "4.6 rating",
      "1.0 km away",
    ],
    "score": 55,
  },
]
`;
